// Jest Snapshot v1, https://goo.gl/fbAQLP

exports[`should render register component correctly 1`] = `
<div>
  <h1>
    Register
  </h1>
  <form
    onSubmit={[Function]}
  >
    <label
      htmlFor="email"
    >
      email
    </label>
    <input
      autoComplete="email"
      id="email"
      name="email"
      onChange={[Function]}
      type="text"
      value=""
    />
    <label
      htmlFor="password"
    >
      password
    </label>
    <input
      autoComplete="password"
      id="password"
      name="password"
      onChange={[Function]}
      type="password"
      value=""
    />
    <button
      type="submit"
    >
      Submit
    </button>
  </form>
</div>
`;
