// Jest Snapshot v1, https://goo.gl/fbAQLP

exports[`should render Todos component correctly 1`] = `
<div
  className="todos"
>
  <p>
    Please create a todo to get started
  </p>
</div>
`;
