// Jest Snapshot v1, https://goo.gl/fbAQLP

exports[`it should render add todo correctly 1`] = `
<form
  onSubmit={[MockFunction]}
>
  <div>
    <input
      className=""
      name="todoToAdd"
      placeholder="Enter your new todo here..."
      type="text"
    />
    <button
      type="submit"
    >
      Add Todo
    </button>
  </div>
</form>
`;
