// Jest Snapshot v1, https://goo.gl/fbAQLP

exports[`should render footer correctly 1`] = `
<div
  className="footer"
>
  <h3>
    Â©AspieCoder 
    2020
    , all rights reserved
  </h3>
</div>
`;
