// Jest Snapshot v1, https://goo.gl/fbAQLP

exports[`should render header correctly 1`] = `
<div>
  <div>
    <h2
      className="title"
    >
      TodoApp - Manage your Todos in peace
    </h2>
  </div>
</div>
`;
