// Jest Snapshot v1, https://goo.gl/fbAQLP

exports[`should render register component correctly 1`] = `
<div>
  <div>
    <h1>
      Register
    </h1>
    <form
      onSubmit={[Function]}
    >
      <div>
        <label
          htmlFor="email"
        >
          Email
        </label>
        <input
          autoComplete="email"
          className=""
          id="email"
          name="email"
          onChange={[Function]}
          type="text"
          value=""
        />
      </div>
      <div>
        <label
          htmlFor="password"
        >
          Password
        </label>
        <input
          autoComplete="password"
          className=""
          id="password"
          name="password"
          onChange={[Function]}
          type="password"
          value=""
        />
      </div>
      <button
        type="submit"
      >
        Register
      </button>
    </form>
    <Link
      to="/login"
    >
      I already have an account
    </Link>
  </div>
</div>
`;
